--------------------------------
          SYMBOL TABLE
--------------------------------
NUMBER OF SYMBOLS : 0 
--------------------------------

