--------------------------------
          SYMBOL TABLE
--------------------------------
NUMBER OF SYMBOLS : 4 
--------------------------------

ID : x	;; TYPE : INTEGER	;; LOCATION : [UNSPECIFIED] 
ID : elem	;; TYPE : INTEGER	;; LOCATION : R1 
ID : t	;; TYPE : INTEGER	;; LOCATION : R2 
ID : sum	;; TYPE : INTEGER	;; LOCATION : R3 
