--------------------------------
          SYMBOL TABLE
--------------------------------
NUMBER OF SYMBOLS : 3 
--------------------------------

ID : v1	;; TYPE : INTEGER	;; LOCATION : [UNSPECIFIED] 
ID : v2	;; TYPE : INTEGER	;; LOCATION : [UNSPECIFIED] 
ID : v3	;; TYPE : INTEGER	;; LOCATION : [UNSPECIFIED] 
