--------------------------------
          SYMBOL TABLE
--------------------------------
NUMBER OF SYMBOLS : 3 
--------------------------------

ID : i	;; TYPE : INTEGER	;; LOCATION : R1 
ID : x	;; TYPE : INTEGER	;; LOCATION : [UNSPECIFIED] 
ID : y	;; TYPE : INTEGER	;; LOCATION : [UNSPECIFIED] 
