

*************************
REGISTER ALLOCATION INFOS
*************************
AVAILABLE REGISTERS : 31 
USED VARIABLES : 22 
-------------------------
LIVE_INTERVALS:
	LIVE_INTERVAL of T2 : [0, 2] 
	LIVE_INTERVAL of T3 : [1, 2] 
	LIVE_INTERVAL of T4 : [3, 6] 
	LIVE_INTERVAL of T5 : [5, 6] 
	LIVE_INTERVAL of T6 : [7, 10] 
	LIVE_INTERVAL of T7 : [9, 10] 
	LIVE_INTERVAL of T8 : [11, 14] 
	LIVE_INTERVAL of T9 : [13, 14] 
	LIVE_INTERVAL of T10 : [15, 18] 
	LIVE_INTERVAL of T11 : [17, 18] 
	LIVE_INTERVAL of T13 : [19, 33] 
	LIVE_INTERVAL of T12 : [20, 20] 
	LIVE_INTERVAL of T14 : [22, 24] 
	LIVE_INTERVAL of T15 : [24, 25] 
	LIVE_INTERVAL of T1 : [25, 42] 
	LIVE_INTERVAL of T16 : [26, 27] 
	LIVE_INTERVAL of T17 : [28, 30] 
	LIVE_INTERVAL of T18 : [34, 44] 
	LIVE_INTERVAL of T19 : [35, 35] 
	LIVE_INTERVAL of T20 : [37, 39] 
	LIVE_INTERVAL of T21 : [39, 40] 
-------------------------
BINDINGS : 
VAR T0 will be assigned to register R0 
VAR T1 will be assigned to register R2 
VAR T2 will be assigned to register R1 
VAR T3 will be assigned to register R2 
VAR T4 will be assigned to register R1 
VAR T5 will be assigned to register R2 
VAR T6 will be assigned to register R1 
VAR T7 will be assigned to register R2 
VAR T8 will be assigned to register R1 
VAR T9 will be assigned to register R2 
VAR T10 will be assigned to register R1 
VAR T11 will be assigned to register R2 
VAR T12 will be assigned to register R2 
VAR T13 will be assigned to register R1 
VAR T14 will be assigned to register R2 
VAR T15 will be assigned to register R3 
VAR T16 will be assigned to register R3 
VAR T17 will be assigned to register R3 
VAR T18 will be assigned to register R1 
VAR T19 will be assigned to register R3 
VAR T20 will be assigned to register R3 
VAR T21 will be assigned to register R4 
VAR T22 will be assigned to register R0 
*************************

